INFO 2026-09-20 16:59:12,790 autoreload 23 128411451687808 Watching for file changes with StatReloader
INFO 2026-09-20 23:01:58,826 autoreload 7 123626659017600 Watching for file changes with StatReloader
[2026-09-21 11:43:18,947] INFO [django.utils.autoreload:667] Watching for file changes with StatReloader
[2026-09-22 18:01:40,386] ERROR [django:40] Seeding jarayonida xatolik yuz berdi: duplicate key value violates unique constraint "accounts_user_username_key"
DETAIL:  Key (username)=() already exists.
Traceback (most recent call last):
  File "/usr/local/lib/python3.12/site-packages/django/db/models/query.py", line 948, in get_or_create
    return self.get(**kwargs), False
           ^^^^^^^^^^^^^^^^^^
  File "/usr/local/lib/python3.12/site-packages/django/db/models/query.py", line 635, in get
    raise self.model.DoesNotExist(
apps.accounts.models.User.DoesNotExist: User matching query does not exist.

During handling of the above exception, another exception occurred:

Traceback (most recent call last):
  File "/usr/local/lib/python3.12/site-packages/django/db/backends/utils.py", line 105, in _execute
    return self.cursor.execute(sql, params)
           ^^^^^^^^^^^^^^^^^^^^^^^^^^^^^^^^
psycopg2.errors.UniqueViolation: duplicate key value violates unique constraint "accounts_user_username_key"
DETAIL:  Key (username)=() already exists.


The above exception was the direct cause of the following exception:

Traceback (most recent call last):
  File "/app/apps/catalog/management/commands/seed_db.py", line 33, in handle
    manager, customer = self._seed_users()
                        ^^^^^^^^^^^^^^^^^^
  File "/app/apps/catalog/management/commands/seed_db.py", line 66, in _seed_users
    customer, created = User.objects.get_or_create(
                        ^^^^^^^^^^^^^^^^^^^^^^^^^^^
  File "/usr/local/lib/python3.12/site-packages/django/db/models/manager.py", line 87, in manager_method
    return getattr(self.get_queryset(), name)(*args, **kwargs)
           ^^^^^^^^^^^^^^^^^^^^^^^^^^^^^^^^^^^^^^^^^^^^^^^^^^^
  File "/usr/local/lib/python3.12/site-packages/django/db/models/query.py", line 955, in get_or_create
    return self.create(**params), True
           ^^^^^^^^^^^^^^^^^^^^^
  File "/usr/local/lib/python3.12/site-packages/django/db/models/query.py", line 665, in create
    obj.save(force_insert=True, using=self.db)
  File "/usr/local/lib/python3.12/site-packages/django/contrib/auth/base_user.py", line 65, in save
    super().save(*args, **kwargs)
  File "/usr/local/lib/python3.12/site-packages/django/db/models/base.py", line 902, in save
    self.save_base(
  File "/usr/local/lib/python3.12/site-packages/django/db/models/base.py", line 1008, in save_base
    updated = self._save_table(
              ^^^^^^^^^^^^^^^^^
  File "/usr/local/lib/python3.12/site-packages/django/db/models/base.py", line 1169, in _save_table
    results = self._do_insert(
              ^^^^^^^^^^^^^^^^
  File "/usr/local/lib/python3.12/site-packages/django/db/models/base.py", line 1210, in _do_insert
    return manager._insert(
           ^^^^^^^^^^^^^^^^
  File "/usr/local/lib/python3.12/site-packages/django/db/models/manager.py", line 87, in manager_method
    return getattr(self.get_queryset(), name)(*args, **kwargs)
           ^^^^^^^^^^^^^^^^^^^^^^^^^^^^^^^^^^^^^^^^^^^^^^^^^^^
  File "/usr/local/lib/python3.12/site-packages/django/db/models/query.py", line 1873, in _insert
    return query.get_compiler(using=using).execute_sql(returning_fields)
           ^^^^^^^^^^^^^^^^^^^^^^^^^^^^^^^^^^^^^^^^^^^^^^^^^^^^^^^^^^^^^
  File "/usr/local/lib/python3.12/site-packages/django/db/models/sql/compiler.py", line 1882, in execute_sql
    cursor.execute(sql, params)
  File "/usr/local/lib/python3.12/site-packages/django/db/backends/utils.py", line 122, in execute
    return super().execute(sql, params)
           ^^^^^^^^^^^^^^^^^^^^^^^^^^^^
  File "/usr/local/lib/python3.12/site-packages/django/db/backends/utils.py", line 79, in execute
    return self._execute_with_wrappers(
           ^^^^^^^^^^^^^^^^^^^^^^^^^^^^
  File "/usr/local/lib/python3.12/site-packages/django/db/backends/utils.py", line 92, in _execute_with_wrappers
    return executor(sql, params, many, context)
           ^^^^^^^^^^^^^^^^^^^^^^^^^^^^^^^^^^^^
  File "/usr/local/lib/python3.12/site-packages/django/db/backends/utils.py", line 100, in _execute
    with self.db.wrap_database_errors:
         ^^^^^^^^^^^^^^^^^^^^^^^^^^^^
  File "/usr/local/lib/python3.12/site-packages/django/db/utils.py", line 91, in __exit__
    raise dj_exc_value.with_traceback(traceback) from exc_value
  File "/usr/local/lib/python3.12/site-packages/django/db/backends/utils.py", line 105, in _execute
    return self.cursor.execute(sql, params)
           ^^^^^^^^^^^^^^^^^^^^^^^^^^^^^^^^
django.db.utils.IntegrityError: duplicate key value violates unique constraint "accounts_user_username_key"
DETAIL:  Key (username)=() already exists.

[2026-09-22 18:07:30,721] INFO [django.server:213] "GET /api/v1/docs/swagger/ HTTP/1.1" 200 4654
[2026-09-22 18:07:30,975] INFO [django.server:213] "GET /api/v1/schema/ HTTP/1.1" 200 91237
[2026-09-22 18:07:34,121] INFO [django.server:213] "GET /api/v1/docs/swagger/ HTTP/1.1" 200 4654
[2026-09-22 18:07:34,309] INFO [django.server:213] "GET /api/v1/schema/ HTTP/1.1" 200 91237
[2026-09-22 18:13:30,709] INFO [django.server:213] "POST /api/v1/accounts/login/ HTTP/1.1" 200 820
[2026-09-23 11:06:39,605] INFO [django.server:213] "GET /api/v1/docs/swagger/ HTTP/1.1" 200 4654
[2026-09-23 11:06:39,829] INFO [django.server:213] "GET /api/v1/schema/ HTTP/1.1" 200 91237
[2026-09-23 11:08:52,146] INFO [django.server:213] "POST /api/v1/accounts/login/ HTTP/1.1" 200 820
[2026-09-23 11:33:43,193] WARNING [django.server:213] "GET /api/v1/accounts/users/me/ HTTP/1.1" 401 153
[2026-09-23 11:38:21,022] INFO [django.server:213] "GET /api/v1/accounts/users/me/ HTTP/1.1" 200 199
[2026-09-23 11:43:05,533] INFO [django.server:213] "GET /api/v1/catalog/categories/ HTTP/1.1" 200 139
[2026-09-23 11:46:20,888] INFO [django.server:213] "GET /api/v1/orders/orders/ HTTP/1.1" 200 298
[2026-09-23 12:38:40,871] INFO [django.utils.autoreload:265] /app/config/urls.py changed, reloading.
[2026-09-23 12:38:41,649] INFO [django.utils.autoreload:667] Watching for file changes with StatReloader
[2026-09-23 12:39:09,823] INFO [django.utils.autoreload:265] /app/apps/orders/urls.py changed, reloading.
[2026-09-23 12:39:10,586] INFO [django.utils.autoreload:667] Watching for file changes with StatReloader
[2026-09-23 12:39:39,887] INFO [django.utils.autoreload:265] /app/apps/accounts/urls.py changed, reloading.
[2026-09-23 12:39:40,661] INFO [django.utils.autoreload:667] Watching for file changes with StatReloader
[2026-09-23 12:40:03,614] INFO [django.utils.autoreload:265] /app/apps/catalog/urls.py changed, reloading.
[2026-09-23 12:40:04,399] INFO [django.utils.autoreload:667] Watching for file changes with StatReloader
[2026-09-23 12:42:42,063] INFO [django.server:213] "GET /api/v1/docs/swagger/ HTTP/1.1" 200 4654
[2026-09-23 12:42:42,481] INFO [django.server:213] "GET /api/v1/schema/ HTTP/1.1" 200 91181
[2026-09-24 22:12:47,239] INFO [django.utils.autoreload:265] /app/apps/orders/models.py changed, reloading.
[2026-09-24 22:12:48,049] INFO [django.utils.autoreload:667] Watching for file changes with StatReloader
[2026-09-24 22:16:27,553] INFO [django.utils.autoreload:265] /app/apps/orders/models.py changed, reloading.
[2026-09-24 22:16:28,359] INFO [django.utils.autoreload:667] Watching for file changes with StatReloader
